// Jest Snapshot v1, https://goo.gl/fbAQLP

exports[`Testing Authors renders as expected 1`] = `ShallowWrapper {}`;
