// Jest Snapshot v1, https://goo.gl/fbAQLP

exports[`Posts renders correctly 1`] = `null`;

exports[`Testing Posts renders as expected 1`] = `ShallowWrapper {}`;
